2025-11-02 03:26:41,690 - INFO - ============================================================
2025-11-02 03:26:41,690 - INFO - Protein-Conditioned Molecular Generation
2025-11-02 03:26:41,690 - INFO - ============================================================
2025-11-02 03:26:41,690 - INFO - Protein sequence: MKTAYIAKQRQISFVKSHFSRQLE
2025-11-02 03:26:41,690 - INFO - Protein length: 24 residues
2025-11-02 03:26:41,848 - INFO - Using device: cuda
2025-11-02 03:26:41,848 - INFO - Loading model on device: cuda
2025-11-02 03:26:41,848 - INFO - Loading SMILES vocabulary from checkpoints/vocab.json
2025-11-02 03:26:41,853 - INFO - Initializing protein tokenizer
2025-11-02 03:26:41,853 - INFO - Creating standard model configuration
2025-11-02 03:26:41,853 - INFO - Initializing model architecture
/home/server/miniconda3/envs/LoopGen/lib/python3.10/site-packages/torch/nn/modules/transformer.py:392: UserWarning: enable_nested_tensor is True, but self.use_nested_tensor is False because encoder_layer.norm_first was True
  warnings.warn(
2025-11-02 03:26:42,654 - INFO - Loading checkpoint from checkpoints/run_20251102_022700/phase2_final.pt
2025-11-02 03:26:42,740 - INFO - Loaded checkpoint from epoch unknown
2025-11-02 03:26:42,741 - INFO - Model loaded successfully (189,587,712 parameters)
2025-11-02 03:26:42,741 - INFO - ============================================================
2025-11-02 03:26:42,741 - INFO - Starting Generation
2025-11-02 03:26:42,741 - INFO - ============================================================
2025-11-02 03:26:42,741 - INFO - Generating 5 molecules for protein sequence (length: 24)
2025-11-02 03:26:42,741 - INFO - Sampling parameters: temperature=0.9, top_k=50, top_p=0.95
2025-11-02 03:26:42,741 - INFO - Repetition control: repetition_penalty=1.5, no_repeat_ngram_size=2
2025-11-02 03:26:42,743 - INFO - Protein tokenized: 26 tokens
2025-11-02 03:26:43,075 - INFO - Generated 5 SMILES strings
2025-11-02 03:26:43,075 - INFO - ============================================================
2025-11-02 03:26:43,075 - INFO - Validation and Analysis
2025-11-02 03:26:43,075 - INFO - ============================================================
[03:26:43] SMILES Parse Error: extra close parentheses while parsing: CCCCCCO=OCCOc2ccccc2c(O)c1[nH]1c1c2)c1)c1ccccc1
[03:26:43] SMILES Parse Error: check for mistakes around position 36:
[03:26:43] cccc2c(O)c1[nH]1c1c2)c1)c1ccccc1
[03:26:43] ~~~~~~~~~~~~~~~~~~~~^
[03:26:43] SMILES Parse Error: Failed parsing SMILES 'CCCCCCO=OCCOc2ccccc2c(O)c1[nH]1c1c2)c1)c1ccccc1' for input: 'CCCCCCO=OCCOc2ccccc2c(O)c1[nH]1c1c2)c1)c1ccccc1'
[03:26:43] SMILES Parse Error: extra close parentheses while parsing: CCCCCCCCCCCCCCCCCCCCCCCCCCCCOCCOCCOCCOCCN)ncnncc2c2c(=O)[nH]1n1c2)n1
[03:26:43] SMILES Parse Error: check for mistakes around position 42:
[03:26:43] CCCCCCCOCCOCCOCCOCCN)ncnncc2c2c(=O)[nH]1n
[03:26:43] ~~~~~~~~~~~~~~~~~~~~^
[03:26:43] SMILES Parse Error: Failed parsing SMILES 'CCCCCCCCCCCCCCCCCCCCCCCCCCCCOCCOCCOCCOCCN)ncnncc2c2c(=O)[nH]1n1c2)n1' for input: 'CCCCCCCCCCCCCCCCCCCCCCCCCCCCOCCOCCOCCOCCN)ncnncc2c2c(=O)[nH]1n1c2)n1'
[03:26:43] SMILES Parse Error: extra close parentheses while parsing: CC(C)=O=C(O)NC(=O)NC(=O)C(=O)c2c(=O)c2)n1
[03:26:43] SMILES Parse Error: check for mistakes around position 39:
[03:26:43] NC(=O)C(=O)c2c(=O)c2)n1
[03:26:43] ~~~~~~~~~~~~~~~~~~~~^
[03:26:43] SMILES Parse Error: Failed parsing SMILES 'CC(C)=O=C(O)NC(=O)NC(=O)C(=O)c2c(=O)c2)n1' for input: 'CC(C)=O=C(O)NC(=O)NC(=O)C(=O)c2c(=O)c2)n1'
[03:26:43] SMILES Parse Error: syntax error while parsing: O=C(O)c1cccc()cc(c(O)c1C(F)(F)C(F)(F)c(F)[nH]1c2c(=O)
[03:26:43] SMILES Parse Error: check for mistakes around position 14:
[03:26:43] O=C(O)c1cccc()cc(c(O)c1C(F)(F)C(F)(F)c(F)
[03:26:43] ~~~~~~~~~~~~~^
[03:26:43] SMILES Parse Error: Failed parsing SMILES 'O=C(O)c1cccc()cc(c(O)c1C(F)(F)C(F)(F)c(F)[nH]1c2c(=O)' for input: 'O=C(O)c1cccc()cc(c(O)c1C(F)(F)C(F)(F)c(F)[nH]1c2c(=O)'
[03:26:43] SMILES Parse Error: extra close parentheses while parsing: C=CC=CCCOCCOCCOCCOCCOc23)cc2)cc1c1cccs1[nH]1c(=O)[nH]1
[03:26:43] SMILES Parse Error: check for mistakes around position 25:
[03:26:43] =CCCOCCOCCOCCOCCOc23)cc2)cc1c1cccs1[nH]1c
[03:26:43] ~~~~~~~~~~~~~~~~~~~~^
[03:26:43] SMILES Parse Error: Failed parsing SMILES 'C=CC=CCCOCCOCCOCCOCCOc23)cc2)cc1c1cccs1[nH]1c(=O)[nH]1' for input: 'C=CC=CCCOCCOCCOCCOCCOc23)cc2)cc1c1cccs1[nH]1c(=O)[nH]1'
2025-11-02 03:26:43,076 - INFO - 
Generation Summary:
2025-11-02 03:26:43,076 - INFO -   Total generated: 5
2025-11-02 03:26:43,076 - INFO -   Valid molecules: 0 (0.0%)
2025-11-02 03:26:43,076 - INFO -   Invalid SMILES: 5
2025-11-02 03:26:43,076 - INFO -   Unique molecules: 0 (0.0%)
2025-11-02 03:26:43,076 - INFO - 
Example Generated Molecules:
2025-11-02 03:26:43,076 - INFO - ============================================================
2025-11-02 03:26:43,076 - INFO - Saving Results
2025-11-02 03:26:43,076 - INFO - ============================================================
2025-11-02 03:26:43,076 - INFO - Saved all SMILES to generated_molecules.txt
2025-11-02 03:26:43,076 - INFO - Saved summary to generated_molecules.json
2025-11-02 03:26:43,076 - INFO - ============================================================
2025-11-02 03:26:43,076 - INFO - Generation Complete!
2025-11-02 03:26:43,076 - INFO - ============================================================

Loading SPE vocabulary from checkpoints/SPE_ChEMBL.txt
✓ Successfully loaded SPE tokenizer
Loading SPE vocabulary from checkpoints/SPE_ChEMBL.txt
Using default atom-level SMILES vocabulary
Default vocabulary size: 67
Initialized ProteinEncoder with 6 layers
[REPETITION DEBUG] penalty=1.5, ngram_size=2

